Archive member included because of file (symbol)

C:\WinAVR-20100110\avr\include\avr\libefsio.a(efsio.o)
                              Day6_GPS_Tracker_final.o (write)
C:\WinAVR-20100110\avr\include\avr\libixabgprs.a(gprs.o)
                              Day6_GPS_Tracker_final.o (gprs_init)
C:\WinAVR-20100110\avr\include\avr\libixabgps.a(gps.o)
                              Day6_GPS_Tracker_final.o (gps_fix)
C:\WinAVR-20100110\avr\include\avr\libxabgsm.a(gsm.o)
                              C:\WinAVR-20100110\avr\include\avr\libixabgprs.a(gprs.o) (WaitForResponse)
C:\WinAVR-20100110\avr\include\avr\libxabpower_reset.a(watchdog.o)
                              Day6_GPS_Tracker_final.o (reset_timeout)
c:/winavr-20100110/bin/../lib/gcc/avr/4.3.3/avr5\libgcc.a(_mulsi3.o)
                              Day6_GPS_Tracker_final.o (__mulsi3)
c:/winavr-20100110/bin/../lib/gcc/avr/4.3.3/avr5\libgcc.a(_divmodhi4.o)
                              C:\WinAVR-20100110\avr\include\avr\libxabpower_reset.a(watchdog.o) (__divmodhi4)
c:/winavr-20100110/bin/../lib/gcc/avr/4.3.3/avr5\libgcc.a(_udivmodsi4.o)
                              Day6_GPS_Tracker_final.o (__udivmodsi4)
c:/winavr-20100110/bin/../lib/gcc/avr/4.3.3/avr5\libgcc.a(_divmodsi4.o)
                              Day6_GPS_Tracker_final.o (__divmodsi4)
c:/winavr-20100110/bin/../lib/gcc/avr/4.3.3/avr5\libgcc.a(_exit.o)
                              c:/winavr-20100110/bin/../lib/gcc/avr/4.3.3/../../../../avr/lib/avr5/crtm32.o (exit)
c:/winavr-20100110/bin/../lib/gcc/avr/4.3.3/avr5\libgcc.a(_copy_data.o)
                              Day6_GPS_Tracker_final.o (__do_copy_data)
c:/winavr-20100110/bin/../lib/gcc/avr/4.3.3/avr5\libgcc.a(_clear_bss.o)
                              Day6_GPS_Tracker_final.o (__do_clear_bss)
c:/winavr-20100110/bin/../lib/gcc/avr/4.3.3/avr5\libgcc.a(_udivmodhi4.o)
                              c:/winavr-20100110/bin/../lib/gcc/avr/4.3.3/avr5\libgcc.a(_divmodhi4.o) (__udivmodhi4)
c:/winavr-20100110/bin/../lib/gcc/avr/4.3.3/../../../../avr/lib/avr5\libc.a(atoi.o)
                              C:\WinAVR-20100110\avr\include\avr\libefsio.a(efsio.o) (atoi)
c:/winavr-20100110/bin/../lib/gcc/avr/4.3.3/../../../../avr/lib/avr5\libc.a(strncasecmp_P.o)
                              C:\WinAVR-20100110\avr\include\avr\libxabgsm.a(gsm.o) (strncasecmp_P)
c:/winavr-20100110/bin/../lib/gcc/avr/4.3.3/../../../../avr/lib/avr5\libc.a(strstr_P.o)
                              C:\WinAVR-20100110\avr\include\avr\libixabgprs.a(gprs.o) (strstr_P)
c:/winavr-20100110/bin/../lib/gcc/avr/4.3.3/../../../../avr/lib/avr5\libc.a(strchr.o)
                              C:\WinAVR-20100110\avr\include\avr\libefsio.a(efsio.o) (strchr)
c:/winavr-20100110/bin/../lib/gcc/avr/4.3.3/../../../../avr/lib/avr5\libc.a(strcpy.o)
                              C:\WinAVR-20100110\avr\include\avr\libixabgprs.a(gprs.o) (strcpy)
c:/winavr-20100110/bin/../lib/gcc/avr/4.3.3/../../../../avr/lib/avr5\libc.a(strncasecmp.o)
                              C:\WinAVR-20100110\avr\include\avr\libefsio.a(efsio.o) (strncasecmp)
c:/winavr-20100110/bin/../lib/gcc/avr/4.3.3/../../../../avr/lib/avr5\libc.a(strncpy.o)
                              C:\WinAVR-20100110\avr\include\avr\libefsio.a(efsio.o) (strncpy)
c:/winavr-20100110/bin/../lib/gcc/avr/4.3.3/../../../../avr/lib/avr5\libc.a(strrchr.o)
                              C:\WinAVR-20100110\avr\include\avr\libixabgprs.a(gprs.o) (strrchr)
c:/winavr-20100110/bin/../lib/gcc/avr/4.3.3/../../../../avr/lib/avr5\libc.a(strstr.o)
                              C:\WinAVR-20100110\avr\include\avr\libefsio.a(efsio.o) (strstr)
c:/winavr-20100110/bin/../lib/gcc/avr/4.3.3/../../../../avr/lib/avr5\libc.a(itoa.o)
                              Day6_GPS_Tracker_final.o (itoa)
c:/winavr-20100110/bin/../lib/gcc/avr/4.3.3/../../../../avr/lib/avr5\libc.a(ltoa.o)
                              Day6_GPS_Tracker_final.o (ltoa)
c:/winavr-20100110/bin/../lib/gcc/avr/4.3.3/../../../../avr/lib/avr5\libc.a(mul10.o)
                              c:/winavr-20100110/bin/../lib/gcc/avr/4.3.3/../../../../avr/lib/avr5\libc.a(atoi.o) (__mulhi_const_10)
c:/winavr-20100110/bin/../lib/gcc/avr/4.3.3/../../../../avr/lib/avr5\libc.a(sprintf.o)
                              Day6_GPS_Tracker_final.o (sprintf)
c:/winavr-20100110/bin/../lib/gcc/avr/4.3.3/../../../../avr/lib/avr5\libc.a(vfprintf_std.o)
                              c:/winavr-20100110/bin/../lib/gcc/avr/4.3.3/../../../../avr/lib/avr5\libc.a(sprintf.o) (vfprintf)
c:/winavr-20100110/bin/../lib/gcc/avr/4.3.3/../../../../avr/lib/avr5\libc.a(strnlen_P.o)
                              c:/winavr-20100110/bin/../lib/gcc/avr/4.3.3/../../../../avr/lib/avr5\libc.a(vfprintf_std.o) (strnlen_P)
c:/winavr-20100110/bin/../lib/gcc/avr/4.3.3/../../../../avr/lib/avr5\libc.a(strnlen.o)
                              c:/winavr-20100110/bin/../lib/gcc/avr/4.3.3/../../../../avr/lib/avr5\libc.a(vfprintf_std.o) (strnlen)
c:/winavr-20100110/bin/../lib/gcc/avr/4.3.3/../../../../avr/lib/avr5\libc.a(strrev.o)
                              c:/winavr-20100110/bin/../lib/gcc/avr/4.3.3/../../../../avr/lib/avr5\libc.a(itoa.o) (strrev)
c:/winavr-20100110/bin/../lib/gcc/avr/4.3.3/../../../../avr/lib/avr5\libc.a(fputc.o)
                              c:/winavr-20100110/bin/../lib/gcc/avr/4.3.3/../../../../avr/lib/avr5\libc.a(vfprintf_std.o) (fputc)
c:/winavr-20100110/bin/../lib/gcc/avr/4.3.3/../../../../avr/lib/avr5\libc.a(ultoa_invert.o)
                              c:/winavr-20100110/bin/../lib/gcc/avr/4.3.3/../../../../avr/lib/avr5\libc.a(vfprintf_std.o) (__ultoa_invert)
c:/winavr-20100110/bin/../lib/gcc/avr/4.3.3/avr5\libgcc.a(_prologue.o)
                              c:/winavr-20100110/bin/../lib/gcc/avr/4.3.3/../../../../avr/lib/avr5\libc.a(sprintf.o) (__prologue_saves__)
c:/winavr-20100110/bin/../lib/gcc/avr/4.3.3/avr5\libgcc.a(_epilogue.o)
                              c:/winavr-20100110/bin/../lib/gcc/avr/4.3.3/../../../../avr/lib/avr5\libc.a(sprintf.o) (__epilogue_restores__)

Allocating common symbols
Common symbol       size              file

jlen                0x2               C:\WinAVR-20100110\avr\include\avr\libixabgprs.a(gprs.o)
gps_buffer          0xa0              C:\WinAVR-20100110\avr\include\avr\libixabgps.a(gps.o)
dlen                0x4               C:\WinAVR-20100110\avr\include\avr\libixabgprs.a(gprs.o)
temp                0x19              C:\WinAVR-20100110\avr\include\avr\libixabgps.a(gps.o)
id                  0x2               C:\WinAVR-20100110\avr\include\avr\libxabgsm.a(gsm.o)
vxp                 0x2               C:\WinAVR-20100110\avr\include\avr\libxabpower_reset.a(watchdog.o)
global_count        0x2               C:\WinAVR-20100110\avr\include\avr\libxabpower_reset.a(watchdog.o)
UQFront             0x1               Day6_GPS_Tracker_final.o
epotime             0x2               C:\WinAVR-20100110\avr\include\avr\libixabgps.a(gps.o)
UQEnd               0x1               Day6_GPS_Tracker_final.o
URBuff              0x12c             Day6_GPS_Tracker_final.o
gsm_buffer          0xa0              C:\WinAVR-20100110\avr\include\avr\libxabgsm.a(gsm.o)
gprs_buffer         0xa0              C:\WinAVR-20100110\avr\include\avr\libixabgprs.a(gprs.o)

Memory Configuration

Name             Origin             Length             Attributes
text             0x00000000         0x00020000         xr
data             0x00800060         0x0000ffa0         rw !x
eeprom           0x00810000         0x00010000         rw !x
fuse             0x00820000         0x00000400         rw !x
lock             0x00830000         0x00000400         rw !x
signature        0x00840000         0x00000400         rw !x
*default*        0x00000000         0xffffffff

Linker script and memory map

LOAD c:/winavr-20100110/bin/../lib/gcc/avr/4.3.3/../../../../avr/lib/avr5/crtm32.o
LOAD Day6_GPS_Tracker_final.o
LOAD c:/winavr-20100110/bin/../lib/gcc/avr/4.3.3/../../../../avr/lib/avr5\libm.a
LOAD C:\WinAVR-20100110\avr\include\avr\libefsio.a
LOAD C:\WinAVR-20100110\avr\include\avr\libixabgprs.a
LOAD C:\WinAVR-20100110\avr\include\avr\libixabgps.a
LOAD C:\WinAVR-20100110\avr\include\avr\libxabgsm.a
LOAD C:\WinAVR-20100110\avr\include\avr\libxabpower_reset.a
LOAD c:/winavr-20100110/bin/../lib/gcc/avr/4.3.3/avr5\libgcc.a
LOAD c:/winavr-20100110/bin/../lib/gcc/avr/4.3.3/../../../../avr/lib/avr5\libc.a
LOAD c:/winavr-20100110/bin/../lib/gcc/avr/4.3.3/avr5\libgcc.a

.hash
 *(.hash)

.dynsym
 *(.dynsym)

.dynstr
 *(.dynstr)

.gnu.version
 *(.gnu.version)

.gnu.version_d
 *(.gnu.version_d)

.gnu.version_r
 *(.gnu.version_r)

.rel.init
 *(.rel.init)

.rela.init
 *(.rela.init)

.rel.text
 *(.rel.text)
 *(.rel.text.*)
 *(.rel.gnu.linkonce.t*)

.rela.text
 *(.rela.text)
 *(.rela.text.*)
 *(.rela.gnu.linkonce.t*)

.rel.fini
 *(.rel.fini)

.rela.fini
 *(.rela.fini)

.rel.rodata
 *(.rel.rodata)
 *(.rel.rodata.*)
 *(.rel.gnu.linkonce.r*)

.rela.rodata
 *(.rela.rodata)
 *(.rela.rodata.*)
 *(.rela.gnu.linkonce.r*)

.rel.data
 *(.rel.data)
 *(.rel.data.*)
 *(.rel.gnu.linkonce.d*)

.rela.data
 *(.rela.data)
 *(.rela.data.*)
 *(.rela.gnu.linkonce.d*)

.rel.ctors
 *(.rel.ctors)

.rela.ctors
 *(.rela.ctors)

.rel.dtors
 *(.rel.dtors)

.rela.dtors
 *(.rela.dtors)

.rel.got
 *(.rel.got)

.rela.got
 *(.rela.got)

.rel.bss
 *(.rel.bss)

.rela.bss
 *(.rela.bss)

.rel.plt
 *(.rel.plt)

.rela.plt
 *(.rela.plt)

.text           0x00000000     0x2d94
 *(.vectors)
 .vectors       0x00000000       0x54 c:/winavr-20100110/bin/../lib/gcc/avr/4.3.3/../../../../avr/lib/avr5/crtm32.o
                0x00000000                __vectors
                0x00000000                __vector_default
 *(.vectors)
 *(.progmem.gcc*)
 *(.progmem*)
 .progmem.data  0x00000054        0xc Day6_GPS_Tracker_final.o
 .progmem.data  0x00000060      0x11c C:\WinAVR-20100110\avr\include\avr\libixabgprs.a(gprs.o)
 .progmem.data  0x0000017c      0x1aa C:\WinAVR-20100110\avr\include\avr\libixabgps.a(gps.o)
 .progmem.data  0x00000326       0xe4 C:\WinAVR-20100110\avr\include\avr\libxabgsm.a(gsm.o)
                0x0000040a                . = ALIGN (0x2)
                0x0000040a                __trampolines_start = .
 *(.trampolines)
 .trampolines   0x0000040a        0x0 linker stubs
 *(.trampolines*)
                0x0000040a                __trampolines_end = .
 *(.jumptables)
 *(.jumptables*)
 *(.lowtext)
 *(.lowtext*)
                0x0000040a                __ctors_start = .
 *(.ctors)
                0x0000040a                __ctors_end = .
                0x0000040a                __dtors_start = .
 *(.dtors)
                0x0000040a                __dtors_end = .
 SORT(*)(.ctors)
 SORT(*)(.dtors)
 *(.init0)
 .init0         0x0000040a        0x0 c:/winavr-20100110/bin/../lib/gcc/avr/4.3.3/../../../../avr/lib/avr5/crtm32.o
                0x0000040a                __init
 *(.init0)
 *(.init1)
 *(.init1)
 *(.init2)
 .init2         0x0000040a        0xc c:/winavr-20100110/bin/../lib/gcc/avr/4.3.3/../../../../avr/lib/avr5/crtm32.o
 *(.init2)
 *(.init3)
 *(.init3)
 *(.init4)
 .init4         0x00000416       0x16 c:/winavr-20100110/bin/../lib/gcc/avr/4.3.3/avr5\libgcc.a(_copy_data.o)
                0x00000416                __do_copy_data
 .init4         0x0000042c       0x10 c:/winavr-20100110/bin/../lib/gcc/avr/4.3.3/avr5\libgcc.a(_clear_bss.o)
                0x0000042c                __do_clear_bss
 *(.init4)
 *(.init5)
 *(.init5)
 *(.init6)
 *(.init6)
 *(.init7)
 *(.init7)
 *(.init8)
 *(.init8)
 *(.init9)
 .init9         0x0000043c        0x8 c:/winavr-20100110/bin/../lib/gcc/avr/4.3.3/../../../../avr/lib/avr5/crtm32.o
 *(.init9)
 *(.text)
 .text          0x00000444        0x4 c:/winavr-20100110/bin/../lib/gcc/avr/4.3.3/../../../../avr/lib/avr5/crtm32.o
                0x00000444                __vector_1
                0x00000444                __vector_12
                0x00000444                __bad_interrupt
                0x00000444                __vector_6
                0x00000444                __vector_3
                0x00000444                __vector_11
                0x00000444                __vector_17
                0x00000444                __vector_19
                0x00000444                __vector_7
                0x00000444                __vector_5
                0x00000444                __vector_4
                0x00000444                __vector_2
                0x00000444                __vector_15
                0x00000444                __vector_8
                0x00000444                __vector_14
                0x00000444                __vector_10
                0x00000444                __vector_16
                0x00000444                __vector_18
                0x00000444                __vector_20
 .text          0x00000448      0x732 Day6_GPS_Tracker_final.o
                0x000005ca                serial_available
                0x000007d0                lcd_data
                0x00000b36                serial_num
                0x00000aae                lcd_num
                0x000007e4                lcd_gotoxy
                0x0000080c                lcd_putc
                0x000006fa                urclear
                0x0000086a                lcd_string_P
                0x00000644                serial_nread
                0x000007fc                lcd_clear
                0x00000804                lcd_home
                0x00000670                __vector_13
                0x0000057e                serial_string_P
                0x0000056a                serial_string
                0x00000836                lcd_string
                0x00000592                s_readbuffer
                0x00000af2                serial_numl
                0x000007f4                lcd_getxy
                0x00000562                serial_char
                0x0000061e                serial_nreadw
                0x0000084e                lcd_puts_p
                0x00000886                lcd_init
                0x00000928                main
                0x0000060e                s_clearbuffer
                0x00000448                serial_init
                0x00000518                serial_read
                0x000008f4                beep
                0x000007bc                lcd_command
                0x0000049c                serial_finit
 .text          0x00000b7a      0x438 C:\WinAVR-20100110\avr\include\avr\libefsio.a(efsio.o)
                0x00000ecc                serial_select
                0x00000e12                direction
                0x00000c52                write
                0x00000b7a                read
                0x00000f86                compare
                0x00000fac                str_num
                0x00000f20                jsonparser
 .text          0x00000fb2      0x70c C:\WinAVR-20100110\avr\include\avr\libixabgprs.a(gprs.o)
                0x0000111c                WaitForGResponse
                0x00000fb2                gprs_restart
                0x00001310                gprs_connect
                0x000013c2                http_get_P
                0x000011ba                gprs_init
                0x00001532                http_get
                0x000011a8                gprs_disconnect
                0x0000120c                status_check
                0x00001046                http_data
 .text          0x000016be      0x53e C:\WinAVR-20100110\avr\include\avr\libixabgps.a(gps.o)
                0x00001b20                agps_init
                0x00001752                gps_getcoordinates
                0x00001ade                epo_time
                0x0000193a                agps_update
                0x00001ab4                gps_init
                0x000018ae                WaitForGPResponse
                0x000016be                gps_fix
 .text          0x00001bfc      0x7dc C:\WinAVR-20100110\avr\include\avr\libxabgsm.a(gsm.o)
                0x00001bfc                gsm_call
                0x000021d0                gsm_readmsg
                0x00001d58                clk_check
                0x00002350                gsm_waitformsg
                0x00001eea                gsm_initx
                0x00001dda                clk_init
                0x00001c8e                gsm_deletemsgall
                0x00001eb6                gsm_pwroff
                0x00001f2a                gsm_init
                0x00001ec8                init_config
                0x0000213a                gsm_sendmsg
                0x00001cd4                WaitForResponse
                0x000020a4                gsm_sendmsg_P
                0x00001e22                gsm_restart
 .text          0x000023d8       0xcc C:\WinAVR-20100110\avr\include\avr\libxabpower_reset.a(watchdog.o)
                0x000023f2                stop_timeout
                0x00002410                reset_timeout
                0x000023d8                timer_start
                0x0000245a                __vector_9
                0x0000242e                set_timeout
 .text          0x000024a4        0x0 c:/winavr-20100110/bin/../lib/gcc/avr/4.3.3/avr5\libgcc.a(_mulsi3.o)
 .text          0x000024a4        0x0 c:/winavr-20100110/bin/../lib/gcc/avr/4.3.3/avr5\libgcc.a(_divmodhi4.o)
 .text          0x000024a4        0x0 c:/winavr-20100110/bin/../lib/gcc/avr/4.3.3/avr5\libgcc.a(_udivmodsi4.o)
 .text          0x000024a4        0x0 c:/winavr-20100110/bin/../lib/gcc/avr/4.3.3/avr5\libgcc.a(_divmodsi4.o)
 .text          0x000024a4        0x0 c:/winavr-20100110/bin/../lib/gcc/avr/4.3.3/avr5\libgcc.a(_exit.o)
 .text          0x000024a4        0x0 c:/winavr-20100110/bin/../lib/gcc/avr/4.3.3/avr5\libgcc.a(_copy_data.o)
 .text          0x000024a4        0x0 c:/winavr-20100110/bin/../lib/gcc/avr/4.3.3/avr5\libgcc.a(_clear_bss.o)
 .text          0x000024a4        0x0 c:/winavr-20100110/bin/../lib/gcc/avr/4.3.3/avr5\libgcc.a(_udivmodhi4.o)
 .text          0x000024a4        0x0 c:/winavr-20100110/bin/../lib/gcc/avr/4.3.3/../../../../avr/lib/avr5\libc.a(atoi.o)
 .text          0x000024a4        0x0 c:/winavr-20100110/bin/../lib/gcc/avr/4.3.3/../../../../avr/lib/avr5\libc.a(strncasecmp_P.o)
 .text          0x000024a4        0x0 c:/winavr-20100110/bin/../lib/gcc/avr/4.3.3/../../../../avr/lib/avr5\libc.a(strstr_P.o)
 .text          0x000024a4        0x0 c:/winavr-20100110/bin/../lib/gcc/avr/4.3.3/../../../../avr/lib/avr5\libc.a(strchr.o)
 .text          0x000024a4        0x0 c:/winavr-20100110/bin/../lib/gcc/avr/4.3.3/../../../../avr/lib/avr5\libc.a(strcpy.o)
 .text          0x000024a4        0x0 c:/winavr-20100110/bin/../lib/gcc/avr/4.3.3/../../../../avr/lib/avr5\libc.a(strncasecmp.o)
 .text          0x000024a4        0x0 c:/winavr-20100110/bin/../lib/gcc/avr/4.3.3/../../../../avr/lib/avr5\libc.a(strncpy.o)
 .text          0x000024a4        0x0 c:/winavr-20100110/bin/../lib/gcc/avr/4.3.3/../../../../avr/lib/avr5\libc.a(strrchr.o)
 .text          0x000024a4        0x0 c:/winavr-20100110/bin/../lib/gcc/avr/4.3.3/../../../../avr/lib/avr5\libc.a(strstr.o)
 .text          0x000024a4        0x0 c:/winavr-20100110/bin/../lib/gcc/avr/4.3.3/../../../../avr/lib/avr5\libc.a(itoa.o)
 .text          0x000024a4        0x0 c:/winavr-20100110/bin/../lib/gcc/avr/4.3.3/../../../../avr/lib/avr5\libc.a(ltoa.o)
 .text          0x000024a4        0x0 c:/winavr-20100110/bin/../lib/gcc/avr/4.3.3/../../../../avr/lib/avr5\libc.a(mul10.o)
 .text          0x000024a4        0x0 c:/winavr-20100110/bin/../lib/gcc/avr/4.3.3/../../../../avr/lib/avr5\libc.a(sprintf.o)
 .text          0x000024a4        0x0 c:/winavr-20100110/bin/../lib/gcc/avr/4.3.3/../../../../avr/lib/avr5\libc.a(vfprintf_std.o)
 .text          0x000024a4        0x0 c:/winavr-20100110/bin/../lib/gcc/avr/4.3.3/../../../../avr/lib/avr5\libc.a(strnlen_P.o)
 .text          0x000024a4        0x0 c:/winavr-20100110/bin/../lib/gcc/avr/4.3.3/../../../../avr/lib/avr5\libc.a(strnlen.o)
 .text          0x000024a4        0x0 c:/winavr-20100110/bin/../lib/gcc/avr/4.3.3/../../../../avr/lib/avr5\libc.a(strrev.o)
 .text          0x000024a4        0x0 c:/winavr-20100110/bin/../lib/gcc/avr/4.3.3/../../../../avr/lib/avr5\libc.a(fputc.o)
 .text          0x000024a4        0x0 c:/winavr-20100110/bin/../lib/gcc/avr/4.3.3/../../../../avr/lib/avr5\libc.a(ultoa_invert.o)
 .text          0x000024a4        0x0 c:/winavr-20100110/bin/../lib/gcc/avr/4.3.3/avr5\libgcc.a(_prologue.o)
 .text          0x000024a4        0x0 c:/winavr-20100110/bin/../lib/gcc/avr/4.3.3/avr5\libgcc.a(_epilogue.o)
                0x000024a4                . = ALIGN (0x2)
 *(.text.*)
 .text.libgcc   0x000024a4       0x3e c:/winavr-20100110/bin/../lib/gcc/avr/4.3.3/avr5\libgcc.a(_mulsi3.o)
                0x000024a4                __mulsi3
 .text.libgcc   0x000024e2       0x26 c:/winavr-20100110/bin/../lib/gcc/avr/4.3.3/avr5\libgcc.a(_divmodhi4.o)
                0x000024e2                __divmodhi4
                0x000024e2                _div
 .text.libgcc   0x00002508       0x44 c:/winavr-20100110/bin/../lib/gcc/avr/4.3.3/avr5\libgcc.a(_udivmodsi4.o)
                0x00002508                __udivmodsi4
 .text.libgcc   0x0000254c       0x36 c:/winavr-20100110/bin/../lib/gcc/avr/4.3.3/avr5\libgcc.a(_divmodsi4.o)
                0x0000254c                __divmodsi4
 .text.libgcc   0x00002582        0x0 c:/winavr-20100110/bin/../lib/gcc/avr/4.3.3/avr5\libgcc.a(_exit.o)
 .text.libgcc   0x00002582        0x0 c:/winavr-20100110/bin/../lib/gcc/avr/4.3.3/avr5\libgcc.a(_copy_data.o)
 .text.libgcc   0x00002582        0x0 c:/winavr-20100110/bin/../lib/gcc/avr/4.3.3/avr5\libgcc.a(_clear_bss.o)
 .text.libgcc   0x00002582       0x28 c:/winavr-20100110/bin/../lib/gcc/avr/4.3.3/avr5\libgcc.a(_udivmodhi4.o)
                0x00002582                __udivmodhi4
 .text.avr-libc
                0x000025aa       0x3c c:/winavr-20100110/bin/../lib/gcc/avr/4.3.3/../../../../avr/lib/avr5\libc.a(atoi.o)
                0x000025aa                atoi
 .text.avr-libc
                0x000025e6       0x30 c:/winavr-20100110/bin/../lib/gcc/avr/4.3.3/../../../../avr/lib/avr5\libc.a(strncasecmp_P.o)
                0x000025e6                strncasecmp_P
 .text.avr-libc
                0x00002616       0x34 c:/winavr-20100110/bin/../lib/gcc/avr/4.3.3/../../../../avr/lib/avr5\libc.a(strstr_P.o)
                0x00002616                strstr_P
 .text.avr-libc
                0x0000264a       0x16 c:/winavr-20100110/bin/../lib/gcc/avr/4.3.3/../../../../avr/lib/avr5\libc.a(strchr.o)
                0x0000264a                strchr
 .text.avr-libc
                0x00002660        0xe c:/winavr-20100110/bin/../lib/gcc/avr/4.3.3/../../../../avr/lib/avr5\libc.a(strcpy.o)
                0x00002660                strcpy
 .text.avr-libc
                0x0000266e       0x30 c:/winavr-20100110/bin/../lib/gcc/avr/4.3.3/../../../../avr/lib/avr5\libc.a(strncasecmp.o)
                0x0000266e                strncasecmp
 .text.avr-libc
                0x0000269e       0x1e c:/winavr-20100110/bin/../lib/gcc/avr/4.3.3/../../../../avr/lib/avr5\libc.a(strncpy.o)
                0x0000269e                strncpy
 .text.avr-libc
                0x000026bc       0x16 c:/winavr-20100110/bin/../lib/gcc/avr/4.3.3/../../../../avr/lib/avr5\libc.a(strrchr.o)
                0x000026bc                strrchr
 .text.avr-libc
                0x000026d2       0x34 c:/winavr-20100110/bin/../lib/gcc/avr/4.3.3/../../../../avr/lib/avr5\libc.a(strstr.o)
                0x000026d2                strstr
 .text.avr-libc
                0x00002706       0x42 c:/winavr-20100110/bin/../lib/gcc/avr/4.3.3/../../../../avr/lib/avr5\libc.a(itoa.o)
                0x00002706                itoa
 .text.avr-libc
                0x00002748       0x68 c:/winavr-20100110/bin/../lib/gcc/avr/4.3.3/../../../../avr/lib/avr5\libc.a(ltoa.o)
                0x00002748                ltoa
 .text.avr-libc
                0x000027b0       0x10 c:/winavr-20100110/bin/../lib/gcc/avr/4.3.3/../../../../avr/lib/avr5\libc.a(mul10.o)
                0x000027b0                __mulhi_const_10
 .text.avr-libc
                0x000027c0       0x48 c:/winavr-20100110/bin/../lib/gcc/avr/4.3.3/../../../../avr/lib/avr5\libc.a(sprintf.o)
                0x000027c0                sprintf
 .text.avr-libc
                0x00002808      0x3ba c:/winavr-20100110/bin/../lib/gcc/avr/4.3.3/../../../../avr/lib/avr5\libc.a(vfprintf_std.o)
                0x00002808                vfprintf
 .text.avr-libc
                0x00002bc2       0x16 c:/winavr-20100110/bin/../lib/gcc/avr/4.3.3/../../../../avr/lib/avr5\libc.a(strnlen_P.o)
                0x00002bc2                strnlen_P
 .text.avr-libc
                0x00002bd8       0x16 c:/winavr-20100110/bin/../lib/gcc/avr/4.3.3/../../../../avr/lib/avr5\libc.a(strnlen.o)
                0x00002bd8                strnlen
 .text.avr-libc
                0x00002bee       0x20 c:/winavr-20100110/bin/../lib/gcc/avr/4.3.3/../../../../avr/lib/avr5\libc.a(strrev.o)
                0x00002bee                strrev
 .text.avr-libc
                0x00002c0e       0x58 c:/winavr-20100110/bin/../lib/gcc/avr/4.3.3/../../../../avr/lib/avr5\libc.a(fputc.o)
                0x00002c0e                fputc
 .text.avr-libc
                0x00002c66       0xbc c:/winavr-20100110/bin/../lib/gcc/avr/4.3.3/../../../../avr/lib/avr5\libc.a(ultoa_invert.o)
                0x00002c66                __ultoa_invert
 .text.libgcc   0x00002d22       0x38 c:/winavr-20100110/bin/../lib/gcc/avr/4.3.3/avr5\libgcc.a(_prologue.o)
                0x00002d22                __prologue_saves__
 .text.libgcc   0x00002d5a       0x36 c:/winavr-20100110/bin/../lib/gcc/avr/4.3.3/avr5\libgcc.a(_epilogue.o)
                0x00002d5a                __epilogue_restores__
                0x00002d90                . = ALIGN (0x2)
 *(.fini9)
 .fini9         0x00002d90        0x0 c:/winavr-20100110/bin/../lib/gcc/avr/4.3.3/avr5\libgcc.a(_exit.o)
                0x00002d90                exit
                0x00002d90                _exit
 *(.fini9)
 *(.fini8)
 *(.fini8)
 *(.fini7)
 *(.fini7)
 *(.fini6)
 *(.fini6)
 *(.fini5)
 *(.fini5)
 *(.fini4)
 *(.fini4)
 *(.fini3)
 *(.fini3)
 *(.fini2)
 *(.fini2)
 *(.fini1)
 *(.fini1)
 *(.fini0)
 .fini0         0x00002d90        0x4 c:/winavr-20100110/bin/../lib/gcc/avr/4.3.3/avr5\libgcc.a(_exit.o)
 *(.fini0)
                0x00002d94                _etext = .

.data           0x00800060       0x6e load address 0x00002d94
                0x00800060                PROVIDE (__data_start, .)
 *(.data)
 .data          0x00800060        0x0 c:/winavr-20100110/bin/../lib/gcc/avr/4.3.3/../../../../avr/lib/avr5/crtm32.o
 .data          0x00800060       0x40 Day6_GPS_Tracker_final.o
 .data          0x008000a0        0x3 C:\WinAVR-20100110\avr\include\avr\libefsio.a(efsio.o)
 .data          0x008000a3        0x0 C:\WinAVR-20100110\avr\include\avr\libixabgprs.a(gprs.o)
 .data          0x008000a3       0x22 C:\WinAVR-20100110\avr\include\avr\libixabgps.a(gps.o)
 .data          0x008000c5        0x9 C:\WinAVR-20100110\avr\include\avr\libxabgsm.a(gsm.o)
 .data          0x008000ce        0x0 C:\WinAVR-20100110\avr\include\avr\libxabpower_reset.a(watchdog.o)
 .data          0x008000ce        0x0 c:/winavr-20100110/bin/../lib/gcc/avr/4.3.3/avr5\libgcc.a(_mulsi3.o)
 .data          0x008000ce        0x0 c:/winavr-20100110/bin/../lib/gcc/avr/4.3.3/avr5\libgcc.a(_divmodhi4.o)
 .data          0x008000ce        0x0 c:/winavr-20100110/bin/../lib/gcc/avr/4.3.3/avr5\libgcc.a(_udivmodsi4.o)
 .data          0x008000ce        0x0 c:/winavr-20100110/bin/../lib/gcc/avr/4.3.3/avr5\libgcc.a(_divmodsi4.o)
 .data          0x008000ce        0x0 c:/winavr-20100110/bin/../lib/gcc/avr/4.3.3/avr5\libgcc.a(_exit.o)
 .data          0x008000ce        0x0 c:/winavr-20100110/bin/../lib/gcc/avr/4.3.3/avr5\libgcc.a(_copy_data.o)
 .data          0x008000ce        0x0 c:/winavr-20100110/bin/../lib/gcc/avr/4.3.3/avr5\libgcc.a(_clear_bss.o)
 .data          0x008000ce        0x0 c:/winavr-20100110/bin/../lib/gcc/avr/4.3.3/avr5\libgcc.a(_udivmodhi4.o)
 .data          0x008000ce        0x0 c:/winavr-20100110/bin/../lib/gcc/avr/4.3.3/../../../../avr/lib/avr5\libc.a(atoi.o)
 .data          0x008000ce        0x0 c:/winavr-20100110/bin/../lib/gcc/avr/4.3.3/../../../../avr/lib/avr5\libc.a(strncasecmp_P.o)
 .data          0x008000ce        0x0 c:/winavr-20100110/bin/../lib/gcc/avr/4.3.3/../../../../avr/lib/avr5\libc.a(strstr_P.o)
 .data          0x008000ce        0x0 c:/winavr-20100110/bin/../lib/gcc/avr/4.3.3/../../../../avr/lib/avr5\libc.a(strchr.o)
 .data          0x008000ce        0x0 c:/winavr-20100110/bin/../lib/gcc/avr/4.3.3/../../../../avr/lib/avr5\libc.a(strcpy.o)
 .data          0x008000ce        0x0 c:/winavr-20100110/bin/../lib/gcc/avr/4.3.3/../../../../avr/lib/avr5\libc.a(strncasecmp.o)
 .data          0x008000ce        0x0 c:/winavr-20100110/bin/../lib/gcc/avr/4.3.3/../../../../avr/lib/avr5\libc.a(strncpy.o)
 .data          0x008000ce        0x0 c:/winavr-20100110/bin/../lib/gcc/avr/4.3.3/../../../../avr/lib/avr5\libc.a(strrchr.o)
 .data          0x008000ce        0x0 c:/winavr-20100110/bin/../lib/gcc/avr/4.3.3/../../../../avr/lib/avr5\libc.a(strstr.o)
 .data          0x008000ce        0x0 c:/winavr-20100110/bin/../lib/gcc/avr/4.3.3/../../../../avr/lib/avr5\libc.a(itoa.o)
 .data          0x008000ce        0x0 c:/winavr-20100110/bin/../lib/gcc/avr/4.3.3/../../../../avr/lib/avr5\libc.a(ltoa.o)
 .data          0x008000ce        0x0 c:/winavr-20100110/bin/../lib/gcc/avr/4.3.3/../../../../avr/lib/avr5\libc.a(mul10.o)
 .data          0x008000ce        0x0 c:/winavr-20100110/bin/../lib/gcc/avr/4.3.3/../../../../avr/lib/avr5\libc.a(sprintf.o)
 .data          0x008000ce        0x0 c:/winavr-20100110/bin/../lib/gcc/avr/4.3.3/../../../../avr/lib/avr5\libc.a(vfprintf_std.o)
 .data          0x008000ce        0x0 c:/winavr-20100110/bin/../lib/gcc/avr/4.3.3/../../../../avr/lib/avr5\libc.a(strnlen_P.o)
 .data          0x008000ce        0x0 c:/winavr-20100110/bin/../lib/gcc/avr/4.3.3/../../../../avr/lib/avr5\libc.a(strnlen.o)
 .data          0x008000ce        0x0 c:/winavr-20100110/bin/../lib/gcc/avr/4.3.3/../../../../avr/lib/avr5\libc.a(strrev.o)
 .data          0x008000ce        0x0 c:/winavr-20100110/bin/../lib/gcc/avr/4.3.3/../../../../avr/lib/avr5\libc.a(fputc.o)
 .data          0x008000ce        0x0 c:/winavr-20100110/bin/../lib/gcc/avr/4.3.3/../../../../avr/lib/avr5\libc.a(ultoa_invert.o)
 .data          0x008000ce        0x0 c:/winavr-20100110/bin/../lib/gcc/avr/4.3.3/avr5\libgcc.a(_prologue.o)
 .data          0x008000ce        0x0 c:/winavr-20100110/bin/../lib/gcc/avr/4.3.3/avr5\libgcc.a(_epilogue.o)
 *(.data*)
 *(.rodata)
 *(.rodata*)
 *(.gnu.linkonce.d*)
                0x008000ce                . = ALIGN (0x2)
                0x008000ce                _edata = .
                0x008000ce                PROVIDE (__data_end, .)

.bss            0x008000ce      0x337
                0x008000ce                PROVIDE (__bss_start, .)
 *(.bss)
 .bss           0x008000ce        0x0 c:/winavr-20100110/bin/../lib/gcc/avr/4.3.3/../../../../avr/lib/avr5/crtm32.o
 .bss           0x008000ce        0x0 Day6_GPS_Tracker_final.o
 .bss           0x008000ce        0x0 C:\WinAVR-20100110\avr\include\avr\libefsio.a(efsio.o)
 .bss           0x008000ce        0x2 C:\WinAVR-20100110\avr\include\avr\libixabgprs.a(gprs.o)
                0x008000ce                neterr
 .bss           0x008000d0        0x0 C:\WinAVR-20100110\avr\include\avr\libixabgps.a(gps.o)
 .bss           0x008000d0        0x0 C:\WinAVR-20100110\avr\include\avr\libxabgsm.a(gsm.o)
 .bss           0x008000d0        0x0 C:\WinAVR-20100110\avr\include\avr\libxabpower_reset.a(watchdog.o)
 .bss           0x008000d0        0x0 c:/winavr-20100110/bin/../lib/gcc/avr/4.3.3/avr5\libgcc.a(_mulsi3.o)
 .bss           0x008000d0        0x0 c:/winavr-20100110/bin/../lib/gcc/avr/4.3.3/avr5\libgcc.a(_divmodhi4.o)
 .bss           0x008000d0        0x0 c:/winavr-20100110/bin/../lib/gcc/avr/4.3.3/avr5\libgcc.a(_udivmodsi4.o)
 .bss           0x008000d0        0x0 c:/winavr-20100110/bin/../lib/gcc/avr/4.3.3/avr5\libgcc.a(_divmodsi4.o)
 .bss           0x008000d0        0x0 c:/winavr-20100110/bin/../lib/gcc/avr/4.3.3/avr5\libgcc.a(_exit.o)
 .bss           0x008000d0        0x0 c:/winavr-20100110/bin/../lib/gcc/avr/4.3.3/avr5\libgcc.a(_copy_data.o)
 .bss           0x008000d0        0x0 c:/winavr-20100110/bin/../lib/gcc/avr/4.3.3/avr5\libgcc.a(_clear_bss.o)
 .bss           0x008000d0        0x0 c:/winavr-20100110/bin/../lib/gcc/avr/4.3.3/avr5\libgcc.a(_udivmodhi4.o)
 .bss           0x008000d0        0x0 c:/winavr-20100110/bin/../lib/gcc/avr/4.3.3/../../../../avr/lib/avr5\libc.a(atoi.o)
 .bss           0x008000d0        0x0 c:/winavr-20100110/bin/../lib/gcc/avr/4.3.3/../../../../avr/lib/avr5\libc.a(strncasecmp_P.o)
 .bss           0x008000d0        0x0 c:/winavr-20100110/bin/../lib/gcc/avr/4.3.3/../../../../avr/lib/avr5\libc.a(strstr_P.o)
 .bss           0x008000d0        0x0 c:/winavr-20100110/bin/../lib/gcc/avr/4.3.3/../../../../avr/lib/avr5\libc.a(strchr.o)
 .bss           0x008000d0        0x0 c:/winavr-20100110/bin/../lib/gcc/avr/4.3.3/../../../../avr/lib/avr5\libc.a(strcpy.o)
 .bss           0x008000d0        0x0 c:/winavr-20100110/bin/../lib/gcc/avr/4.3.3/../../../../avr/lib/avr5\libc.a(strncasecmp.o)
 .bss           0x008000d0        0x0 c:/winavr-20100110/bin/../lib/gcc/avr/4.3.3/../../../../avr/lib/avr5\libc.a(strncpy.o)
 .bss           0x008000d0        0x0 c:/winavr-20100110/bin/../lib/gcc/avr/4.3.3/../../../../avr/lib/avr5\libc.a(strrchr.o)
 .bss           0x008000d0        0x0 c:/winavr-20100110/bin/../lib/gcc/avr/4.3.3/../../../../avr/lib/avr5\libc.a(strstr.o)
 .bss           0x008000d0        0x0 c:/winavr-20100110/bin/../lib/gcc/avr/4.3.3/../../../../avr/lib/avr5\libc.a(itoa.o)
 .bss           0x008000d0        0x0 c:/winavr-20100110/bin/../lib/gcc/avr/4.3.3/../../../../avr/lib/avr5\libc.a(ltoa.o)
 .bss           0x008000d0        0x0 c:/winavr-20100110/bin/../lib/gcc/avr/4.3.3/../../../../avr/lib/avr5\libc.a(mul10.o)
 .bss           0x008000d0        0x0 c:/winavr-20100110/bin/../lib/gcc/avr/4.3.3/../../../../avr/lib/avr5\libc.a(sprintf.o)
 .bss           0x008000d0        0x0 c:/winavr-20100110/bin/../lib/gcc/avr/4.3.3/../../../../avr/lib/avr5\libc.a(vfprintf_std.o)
 .bss           0x008000d0        0x0 c:/winavr-20100110/bin/../lib/gcc/avr/4.3.3/../../../../avr/lib/avr5\libc.a(strnlen_P.o)
 .bss           0x008000d0        0x0 c:/winavr-20100110/bin/../lib/gcc/avr/4.3.3/../../../../avr/lib/avr5\libc.a(strnlen.o)
 .bss           0x008000d0        0x0 c:/winavr-20100110/bin/../lib/gcc/avr/4.3.3/../../../../avr/lib/avr5\libc.a(strrev.o)
 .bss           0x008000d0        0x0 c:/winavr-20100110/bin/../lib/gcc/avr/4.3.3/../../../../avr/lib/avr5\libc.a(fputc.o)
 .bss           0x008000d0        0x0 c:/winavr-20100110/bin/../lib/gcc/avr/4.3.3/../../../../avr/lib/avr5\libc.a(ultoa_invert.o)
 .bss           0x008000d0        0x0 c:/winavr-20100110/bin/../lib/gcc/avr/4.3.3/avr5\libgcc.a(_prologue.o)
 .bss           0x008000d0        0x0 c:/winavr-20100110/bin/../lib/gcc/avr/4.3.3/avr5\libgcc.a(_epilogue.o)
 *(.bss*)
 *(COMMON)
 COMMON         0x008000d0      0x12e Day6_GPS_Tracker_final.o
                0x008000d0                UQFront
                0x008000d1                UQEnd
                0x008000d2                URBuff
 COMMON         0x008001fe       0xa6 C:\WinAVR-20100110\avr\include\avr\libixabgprs.a(gprs.o)
                0x008001fe                jlen
                0x00800200                dlen
                0x00800204                gprs_buffer
 COMMON         0x008002a4       0xbb C:\WinAVR-20100110\avr\include\avr\libixabgps.a(gps.o)
                0x008002a4                gps_buffer
                0x00800344                temp
                0x0080035d                epotime
 COMMON         0x0080035f       0xa2 C:\WinAVR-20100110\avr\include\avr\libxabgsm.a(gsm.o)
                0x0080035f                id
                0x00800361                gsm_buffer
 COMMON         0x00800401        0x4 C:\WinAVR-20100110\avr\include\avr\libxabpower_reset.a(watchdog.o)
                0x00800401                vxp
                0x00800403                global_count
                0x00800405                PROVIDE (__bss_end, .)
                0x00002d94                __data_load_start = LOADADDR (.data)
                0x00002e02                __data_load_end = (__data_load_start + SIZEOF (.data))

.noinit         0x00800405        0x0
                0x00800405                PROVIDE (__noinit_start, .)
 *(.noinit*)
                0x00800405                PROVIDE (__noinit_end, .)
                0x00800405                _end = .
                0x00800405                PROVIDE (__heap_start, .)

.eeprom         0x00810000        0x0
 *(.eeprom*)
                0x00810000                __eeprom_end = .

.fuse
 *(.fuse)
 *(.lfuse)
 *(.hfuse)
 *(.efuse)

.lock
 *(.lock*)

.signature
 *(.signature*)

.stab
 *(.stab)

.stabstr
 *(.stabstr)

.stab.excl
 *(.stab.excl)

.stab.exclstr
 *(.stab.exclstr)

.stab.index
 *(.stab.index)

.stab.indexstr
 *(.stab.indexstr)

.comment
 *(.comment)

.debug
 *(.debug)

.line
 *(.line)

.debug_srcinfo
 *(.debug_srcinfo)

.debug_sfnames
 *(.debug_sfnames)

.debug_aranges  0x00000000       0xc0
 *(.debug_aranges)
 .debug_aranges
                0x00000000       0x20 Day6_GPS_Tracker_final.o
 .debug_aranges
                0x00000020       0x20 C:\WinAVR-20100110\avr\include\avr\libefsio.a(efsio.o)
 .debug_aranges
                0x00000040       0x20 C:\WinAVR-20100110\avr\include\avr\libixabgprs.a(gprs.o)
 .debug_aranges
                0x00000060       0x20 C:\WinAVR-20100110\avr\include\avr\libixabgps.a(gps.o)
 .debug_aranges
                0x00000080       0x20 C:\WinAVR-20100110\avr\include\avr\libxabgsm.a(gsm.o)
 .debug_aranges
                0x000000a0       0x20 C:\WinAVR-20100110\avr\include\avr\libxabpower_reset.a(watchdog.o)

.debug_pubnames
                0x00000000      0x557
 *(.debug_pubnames)
 .debug_pubnames
                0x00000000      0x1ec Day6_GPS_Tracker_final.o
 .debug_pubnames
                0x000001ec       0x6c C:\WinAVR-20100110\avr\include\avr\libefsio.a(efsio.o)
 .debug_pubnames
                0x00000258       0xd3 C:\WinAVR-20100110\avr\include\avr\libixabgprs.a(gprs.o)
 .debug_pubnames
                0x0000032b       0xa7 C:\WinAVR-20100110\avr\include\avr\libixabgps.a(gps.o)
 .debug_pubnames
                0x000003d2      0x108 C:\WinAVR-20100110\avr\include\avr\libxabgsm.a(gsm.o)
 .debug_pubnames
                0x000004da       0x7d C:\WinAVR-20100110\avr\include\avr\libxabpower_reset.a(watchdog.o)

.debug_info     0x00000000     0x34e5
 *(.debug_info)
 .debug_info    0x00000000      0xb1e Day6_GPS_Tracker_final.o
 .debug_info    0x00000b1e      0x24b C:\WinAVR-20100110\avr\include\avr\libefsio.a(efsio.o)
 .debug_info    0x00000d69      0xd66 C:\WinAVR-20100110\avr\include\avr\libixabgprs.a(gprs.o)
 .debug_info    0x00001acf      0x9e4 C:\WinAVR-20100110\avr\include\avr\libixabgps.a(gps.o)
 .debug_info    0x000024b3      0xf1a C:\WinAVR-20100110\avr\include\avr\libxabgsm.a(gsm.o)
 .debug_info    0x000033cd      0x118 C:\WinAVR-20100110\avr\include\avr\libxabpower_reset.a(watchdog.o)
 *(.gnu.linkonce.wi.*)

.debug_abbrev   0x00000000      0xd03
 *(.debug_abbrev)
 .debug_abbrev  0x00000000      0x3bf Day6_GPS_Tracker_final.o
 .debug_abbrev  0x000003bf      0x134 C:\WinAVR-20100110\avr\include\avr\libefsio.a(efsio.o)
 .debug_abbrev  0x000004f3      0x255 C:\WinAVR-20100110\avr\include\avr\libixabgprs.a(gprs.o)
 .debug_abbrev  0x00000748      0x21e C:\WinAVR-20100110\avr\include\avr\libixabgps.a(gps.o)
 .debug_abbrev  0x00000966      0x2c2 C:\WinAVR-20100110\avr\include\avr\libxabgsm.a(gsm.o)
 .debug_abbrev  0x00000c28       0xdb C:\WinAVR-20100110\avr\include\avr\libxabpower_reset.a(watchdog.o)

.debug_line     0x00000000     0x2915
 *(.debug_line)
 .debug_line    0x00000000      0xa05 Day6_GPS_Tracker_final.o
 .debug_line    0x00000a05      0x3ad C:\WinAVR-20100110\avr\include\avr\libefsio.a(efsio.o)
 .debug_line    0x00000db2      0x94c C:\WinAVR-20100110\avr\include\avr\libixabgprs.a(gprs.o)
 .debug_line    0x000016fe      0x63e C:\WinAVR-20100110\avr\include\avr\libixabgps.a(gps.o)
 .debug_line    0x00001d3c      0xa22 C:\WinAVR-20100110\avr\include\avr\libxabgsm.a(gsm.o)
 .debug_line    0x0000275e      0x1b7 C:\WinAVR-20100110\avr\include\avr\libxabpower_reset.a(watchdog.o)

.debug_frame    0x00000000      0x4f0
 *(.debug_frame)
 .debug_frame   0x00000000      0x200 Day6_GPS_Tracker_final.o
 .debug_frame   0x00000200       0x80 C:\WinAVR-20100110\avr\include\avr\libefsio.a(efsio.o)
 .debug_frame   0x00000280       0xa0 C:\WinAVR-20100110\avr\include\avr\libixabgprs.a(gprs.o)
 .debug_frame   0x00000320       0x80 C:\WinAVR-20100110\avr\include\avr\libixabgps.a(gps.o)
 .debug_frame   0x000003a0       0xf0 C:\WinAVR-20100110\avr\include\avr\libxabgsm.a(gsm.o)
 .debug_frame   0x00000490       0x60 C:\WinAVR-20100110\avr\include\avr\libxabpower_reset.a(watchdog.o)

.debug_str      0x00000000      0x713
 *(.debug_str)
 .debug_str     0x00000000      0x2fa Day6_GPS_Tracker_final.o
                                0x346 (size before relaxing)
 .debug_str     0x000002fa       0xbc C:\WinAVR-20100110\avr\include\avr\libefsio.a(efsio.o)
                                0x152 (size before relaxing)
 .debug_str     0x000003b6       0xe9 C:\WinAVR-20100110\avr\include\avr\libixabgprs.a(gprs.o)
                                0x1ce (size before relaxing)
 .debug_str     0x0000049f       0xd2 C:\WinAVR-20100110\avr\include\avr\libixabgps.a(gps.o)
                                0x1ba (size before relaxing)
 .debug_str     0x00000571      0x115 C:\WinAVR-20100110\avr\include\avr\libxabgsm.a(gsm.o)
                                0x201 (size before relaxing)
 .debug_str     0x00000686       0x8d C:\WinAVR-20100110\avr\include\avr\libxabpower_reset.a(watchdog.o)
                                0x115 (size before relaxing)

.debug_loc      0x00000000     0x1be4
 *(.debug_loc)
 .debug_loc     0x00000000      0x662 Day6_GPS_Tracker_final.o
 .debug_loc     0x00000662      0x2a6 C:\WinAVR-20100110\avr\include\avr\libefsio.a(efsio.o)
 .debug_loc     0x00000908      0x7c0 C:\WinAVR-20100110\avr\include\avr\libixabgprs.a(gprs.o)
 .debug_loc     0x000010c8      0x3e0 C:\WinAVR-20100110\avr\include\avr\libixabgps.a(gps.o)
 .debug_loc     0x000014a8      0x724 C:\WinAVR-20100110\avr\include\avr\libxabgsm.a(gsm.o)
 .debug_loc     0x00001bcc       0x18 C:\WinAVR-20100110\avr\include\avr\libxabpower_reset.a(watchdog.o)

.debug_macinfo
 *(.debug_macinfo)
OUTPUT(Day6_GPS_Tracker_final.elf elf32-avr)
LOAD linker stubs

.debug_ranges   0x00000000      0x438
 .debug_ranges  0x00000000       0x48 Day6_GPS_Tracker_final.o
 .debug_ranges  0x00000048      0x1b0 C:\WinAVR-20100110\avr\include\avr\libixabgprs.a(gprs.o)
 .debug_ranges  0x000001f8       0xd8 C:\WinAVR-20100110\avr\include\avr\libixabgps.a(gps.o)
 .debug_ranges  0x000002d0      0x168 C:\WinAVR-20100110\avr\include\avr\libxabgsm.a(gsm.o)

Cross Reference Table

Symbol                                            File
UQEnd                                             Day6_GPS_Tracker_final.o
UQFront                                           Day6_GPS_Tracker_final.o
URBuff                                            Day6_GPS_Tracker_final.o
WaitForGPResponse                                 C:\WinAVR-20100110\avr\include\avr\libixabgps.a(gps.o)
                                                  C:\WinAVR-20100110\avr\include\avr\libxabgsm.a(gsm.o)
WaitForGResponse                                  C:\WinAVR-20100110\avr\include\avr\libixabgprs.a(gprs.o)
WaitForResponse                                   C:\WinAVR-20100110\avr\include\avr\libxabgsm.a(gsm.o)
                                                  C:\WinAVR-20100110\avr\include\avr\libixabgprs.a(gprs.o)
__bad_interrupt                                   c:/winavr-20100110/bin/../lib/gcc/avr/4.3.3/../../../../avr/lib/avr5/crtm32.o
__bss_end                                         c:/winavr-20100110/bin/../lib/gcc/avr/4.3.3/avr5\libgcc.a(_clear_bss.o)
__bss_start                                       c:/winavr-20100110/bin/../lib/gcc/avr/4.3.3/avr5\libgcc.a(_clear_bss.o)
__data_end                                        c:/winavr-20100110/bin/../lib/gcc/avr/4.3.3/avr5\libgcc.a(_copy_data.o)
__data_load_start                                 c:/winavr-20100110/bin/../lib/gcc/avr/4.3.3/avr5\libgcc.a(_copy_data.o)
__data_start                                      c:/winavr-20100110/bin/../lib/gcc/avr/4.3.3/avr5\libgcc.a(_copy_data.o)
__divmodhi4                                       c:/winavr-20100110/bin/../lib/gcc/avr/4.3.3/avr5\libgcc.a(_divmodhi4.o)
                                                  C:\WinAVR-20100110\avr\include\avr\libxabpower_reset.a(watchdog.o)
__divmodsi4                                       c:/winavr-20100110/bin/../lib/gcc/avr/4.3.3/avr5\libgcc.a(_divmodsi4.o)
                                                  Day6_GPS_Tracker_final.o
__do_clear_bss                                    c:/winavr-20100110/bin/../lib/gcc/avr/4.3.3/avr5\libgcc.a(_clear_bss.o)
                                                  C:\WinAVR-20100110\avr\include\avr\libxabpower_reset.a(watchdog.o)
                                                  C:\WinAVR-20100110\avr\include\avr\libxabgsm.a(gsm.o)
                                                  C:\WinAVR-20100110\avr\include\avr\libixabgps.a(gps.o)
                                                  C:\WinAVR-20100110\avr\include\avr\libixabgprs.a(gprs.o)
                                                  Day6_GPS_Tracker_final.o
__do_copy_data                                    c:/winavr-20100110/bin/../lib/gcc/avr/4.3.3/avr5\libgcc.a(_copy_data.o)
                                                  C:\WinAVR-20100110\avr\include\avr\libxabgsm.a(gsm.o)
                                                  C:\WinAVR-20100110\avr\include\avr\libixabgps.a(gps.o)
                                                  C:\WinAVR-20100110\avr\include\avr\libefsio.a(efsio.o)
                                                  Day6_GPS_Tracker_final.o
__epilogue_restores__                             c:/winavr-20100110/bin/../lib/gcc/avr/4.3.3/avr5\libgcc.a(_epilogue.o)
                                                  c:/winavr-20100110/bin/../lib/gcc/avr/4.3.3/../../../../avr/lib/avr5\libc.a(vfprintf_std.o)
                                                  c:/winavr-20100110/bin/../lib/gcc/avr/4.3.3/../../../../avr/lib/avr5\libc.a(sprintf.o)
__heap_end                                        c:/winavr-20100110/bin/../lib/gcc/avr/4.3.3/../../../../avr/lib/avr5/crtm32.o
__init                                            c:/winavr-20100110/bin/../lib/gcc/avr/4.3.3/../../../../avr/lib/avr5/crtm32.o
__mulhi_const_10                                  c:/winavr-20100110/bin/../lib/gcc/avr/4.3.3/../../../../avr/lib/avr5\libc.a(mul10.o)
                                                  c:/winavr-20100110/bin/../lib/gcc/avr/4.3.3/../../../../avr/lib/avr5\libc.a(atoi.o)
__mulsi3                                          c:/winavr-20100110/bin/../lib/gcc/avr/4.3.3/avr5\libgcc.a(_mulsi3.o)
                                                  Day6_GPS_Tracker_final.o
__prologue_saves__                                c:/winavr-20100110/bin/../lib/gcc/avr/4.3.3/avr5\libgcc.a(_prologue.o)
                                                  c:/winavr-20100110/bin/../lib/gcc/avr/4.3.3/../../../../avr/lib/avr5\libc.a(vfprintf_std.o)
                                                  c:/winavr-20100110/bin/../lib/gcc/avr/4.3.3/../../../../avr/lib/avr5\libc.a(sprintf.o)
__stack                                           c:/winavr-20100110/bin/../lib/gcc/avr/4.3.3/../../../../avr/lib/avr5/crtm32.o
__udivmodhi4                                      c:/winavr-20100110/bin/../lib/gcc/avr/4.3.3/avr5\libgcc.a(_udivmodhi4.o)
                                                  c:/winavr-20100110/bin/../lib/gcc/avr/4.3.3/../../../../avr/lib/avr5\libc.a(itoa.o)
                                                  c:/winavr-20100110/bin/../lib/gcc/avr/4.3.3/avr5\libgcc.a(_divmodhi4.o)
__udivmodsi4                                      c:/winavr-20100110/bin/../lib/gcc/avr/4.3.3/avr5\libgcc.a(_udivmodsi4.o)
                                                  c:/winavr-20100110/bin/../lib/gcc/avr/4.3.3/../../../../avr/lib/avr5\libc.a(ltoa.o)
                                                  c:/winavr-20100110/bin/../lib/gcc/avr/4.3.3/avr5\libgcc.a(_divmodsi4.o)
                                                  Day6_GPS_Tracker_final.o
__ultoa_invert                                    c:/winavr-20100110/bin/../lib/gcc/avr/4.3.3/../../../../avr/lib/avr5\libc.a(ultoa_invert.o)
                                                  c:/winavr-20100110/bin/../lib/gcc/avr/4.3.3/../../../../avr/lib/avr5\libc.a(vfprintf_std.o)
__vector_1                                        c:/winavr-20100110/bin/../lib/gcc/avr/4.3.3/../../../../avr/lib/avr5/crtm32.o
__vector_10                                       c:/winavr-20100110/bin/../lib/gcc/avr/4.3.3/../../../../avr/lib/avr5/crtm32.o
__vector_11                                       c:/winavr-20100110/bin/../lib/gcc/avr/4.3.3/../../../../avr/lib/avr5/crtm32.o
__vector_12                                       c:/winavr-20100110/bin/../lib/gcc/avr/4.3.3/../../../../avr/lib/avr5/crtm32.o
__vector_13                                       Day6_GPS_Tracker_final.o
                                                  c:/winavr-20100110/bin/../lib/gcc/avr/4.3.3/../../../../avr/lib/avr5/crtm32.o
__vector_14                                       c:/winavr-20100110/bin/../lib/gcc/avr/4.3.3/../../../../avr/lib/avr5/crtm32.o
__vector_15                                       c:/winavr-20100110/bin/../lib/gcc/avr/4.3.3/../../../../avr/lib/avr5/crtm32.o
__vector_16                                       c:/winavr-20100110/bin/../lib/gcc/avr/4.3.3/../../../../avr/lib/avr5/crtm32.o
__vector_17                                       c:/winavr-20100110/bin/../lib/gcc/avr/4.3.3/../../../../avr/lib/avr5/crtm32.o
__vector_18                                       c:/winavr-20100110/bin/../lib/gcc/avr/4.3.3/../../../../avr/lib/avr5/crtm32.o
__vector_19                                       c:/winavr-20100110/bin/../lib/gcc/avr/4.3.3/../../../../avr/lib/avr5/crtm32.o
__vector_2                                        c:/winavr-20100110/bin/../lib/gcc/avr/4.3.3/../../../../avr/lib/avr5/crtm32.o
__vector_20                                       c:/winavr-20100110/bin/../lib/gcc/avr/4.3.3/../../../../avr/lib/avr5/crtm32.o
__vector_3                                        c:/winavr-20100110/bin/../lib/gcc/avr/4.3.3/../../../../avr/lib/avr5/crtm32.o
__vector_4                                        c:/winavr-20100110/bin/../lib/gcc/avr/4.3.3/../../../../avr/lib/avr5/crtm32.o
__vector_5                                        c:/winavr-20100110/bin/../lib/gcc/avr/4.3.3/../../../../avr/lib/avr5/crtm32.o
__vector_6                                        c:/winavr-20100110/bin/../lib/gcc/avr/4.3.3/../../../../avr/lib/avr5/crtm32.o
__vector_7                                        c:/winavr-20100110/bin/../lib/gcc/avr/4.3.3/../../../../avr/lib/avr5/crtm32.o
__vector_8                                        c:/winavr-20100110/bin/../lib/gcc/avr/4.3.3/../../../../avr/lib/avr5/crtm32.o
__vector_9                                        C:\WinAVR-20100110\avr\include\avr\libxabpower_reset.a(watchdog.o)
                                                  c:/winavr-20100110/bin/../lib/gcc/avr/4.3.3/../../../../avr/lib/avr5/crtm32.o
__vector_default                                  c:/winavr-20100110/bin/../lib/gcc/avr/4.3.3/../../../../avr/lib/avr5/crtm32.o
__vectors                                         c:/winavr-20100110/bin/../lib/gcc/avr/4.3.3/../../../../avr/lib/avr5/crtm32.o
_div                                              c:/winavr-20100110/bin/../lib/gcc/avr/4.3.3/avr5\libgcc.a(_divmodhi4.o)
_exit                                             c:/winavr-20100110/bin/../lib/gcc/avr/4.3.3/avr5\libgcc.a(_exit.o)
agps_init                                         C:\WinAVR-20100110\avr\include\avr\libixabgps.a(gps.o)
                                                  Day6_GPS_Tracker_final.o
agps_update                                       C:\WinAVR-20100110\avr\include\avr\libixabgps.a(gps.o)
atoi                                              c:/winavr-20100110/bin/../lib/gcc/avr/4.3.3/../../../../avr/lib/avr5\libc.a(atoi.o)
                                                  C:\WinAVR-20100110\avr\include\avr\libxabgsm.a(gsm.o)
                                                  C:\WinAVR-20100110\avr\include\avr\libixabgps.a(gps.o)
                                                  C:\WinAVR-20100110\avr\include\avr\libixabgprs.a(gprs.o)
                                                  C:\WinAVR-20100110\avr\include\avr\libefsio.a(efsio.o)
beep                                              Day6_GPS_Tracker_final.o
clk_check                                         C:\WinAVR-20100110\avr\include\avr\libxabgsm.a(gsm.o)
clk_init                                          C:\WinAVR-20100110\avr\include\avr\libxabgsm.a(gsm.o)
compare                                           C:\WinAVR-20100110\avr\include\avr\libefsio.a(efsio.o)
direction                                         C:\WinAVR-20100110\avr\include\avr\libefsio.a(efsio.o)
dlen                                              C:\WinAVR-20100110\avr\include\avr\libixabgprs.a(gprs.o)
epo_time                                          C:\WinAVR-20100110\avr\include\avr\libixabgps.a(gps.o)
epotime                                           C:\WinAVR-20100110\avr\include\avr\libixabgps.a(gps.o)
exit                                              c:/winavr-20100110/bin/../lib/gcc/avr/4.3.3/avr5\libgcc.a(_exit.o)
                                                  c:/winavr-20100110/bin/../lib/gcc/avr/4.3.3/../../../../avr/lib/avr5/crtm32.o
fputc                                             c:/winavr-20100110/bin/../lib/gcc/avr/4.3.3/../../../../avr/lib/avr5\libc.a(fputc.o)
                                                  c:/winavr-20100110/bin/../lib/gcc/avr/4.3.3/../../../../avr/lib/avr5\libc.a(vfprintf_std.o)
global_count                                      C:\WinAVR-20100110\avr\include\avr\libxabpower_reset.a(watchdog.o)
gprs_buffer                                       C:\WinAVR-20100110\avr\include\avr\libixabgprs.a(gprs.o)
gprs_connect                                      C:\WinAVR-20100110\avr\include\avr\libixabgprs.a(gprs.o)
                                                  Day6_GPS_Tracker_final.o
gprs_disconnect                                   C:\WinAVR-20100110\avr\include\avr\libixabgprs.a(gprs.o)
gprs_init                                         C:\WinAVR-20100110\avr\include\avr\libixabgprs.a(gprs.o)
                                                  Day6_GPS_Tracker_final.o
gprs_restart                                      C:\WinAVR-20100110\avr\include\avr\libixabgprs.a(gprs.o)
gps_buffer                                        C:\WinAVR-20100110\avr\include\avr\libixabgps.a(gps.o)
gps_fix                                           C:\WinAVR-20100110\avr\include\avr\libixabgps.a(gps.o)
                                                  Day6_GPS_Tracker_final.o
gps_getcoordinates                                C:\WinAVR-20100110\avr\include\avr\libixabgps.a(gps.o)
                                                  Day6_GPS_Tracker_final.o
gps_init                                          C:\WinAVR-20100110\avr\include\avr\libixabgps.a(gps.o)
gsm_buffer                                        C:\WinAVR-20100110\avr\include\avr\libxabgsm.a(gsm.o)
gsm_call                                          C:\WinAVR-20100110\avr\include\avr\libxabgsm.a(gsm.o)
gsm_deletemsgall                                  C:\WinAVR-20100110\avr\include\avr\libxabgsm.a(gsm.o)
gsm_init                                          C:\WinAVR-20100110\avr\include\avr\libxabgsm.a(gsm.o)
                                                  Day6_GPS_Tracker_final.o
gsm_initx                                         C:\WinAVR-20100110\avr\include\avr\libxabgsm.a(gsm.o)
gsm_pwroff                                        C:\WinAVR-20100110\avr\include\avr\libxabgsm.a(gsm.o)
gsm_readmsg                                       C:\WinAVR-20100110\avr\include\avr\libxabgsm.a(gsm.o)
gsm_restart                                       C:\WinAVR-20100110\avr\include\avr\libxabgsm.a(gsm.o)
gsm_sendmsg                                       C:\WinAVR-20100110\avr\include\avr\libxabgsm.a(gsm.o)
gsm_sendmsg_P                                     C:\WinAVR-20100110\avr\include\avr\libxabgsm.a(gsm.o)
gsm_waitformsg                                    C:\WinAVR-20100110\avr\include\avr\libxabgsm.a(gsm.o)
http_data                                         C:\WinAVR-20100110\avr\include\avr\libixabgprs.a(gprs.o)
http_get                                          C:\WinAVR-20100110\avr\include\avr\libixabgprs.a(gprs.o)
                                                  Day6_GPS_Tracker_final.o
http_get_P                                        C:\WinAVR-20100110\avr\include\avr\libixabgprs.a(gprs.o)
id                                                C:\WinAVR-20100110\avr\include\avr\libxabgsm.a(gsm.o)
init_config                                       C:\WinAVR-20100110\avr\include\avr\libxabgsm.a(gsm.o)
itoa                                              c:/winavr-20100110/bin/../lib/gcc/avr/4.3.3/../../../../avr/lib/avr5\libc.a(itoa.o)
                                                  Day6_GPS_Tracker_final.o
jlen                                              C:\WinAVR-20100110\avr\include\avr\libixabgprs.a(gprs.o)
jsonparser                                        C:\WinAVR-20100110\avr\include\avr\libefsio.a(efsio.o)
lcd_clear                                         Day6_GPS_Tracker_final.o
lcd_command                                       Day6_GPS_Tracker_final.o
lcd_data                                          Day6_GPS_Tracker_final.o
lcd_getxy                                         Day6_GPS_Tracker_final.o
lcd_gotoxy                                        Day6_GPS_Tracker_final.o
lcd_home                                          Day6_GPS_Tracker_final.o
lcd_init                                          Day6_GPS_Tracker_final.o
lcd_num                                           Day6_GPS_Tracker_final.o
lcd_putc                                          Day6_GPS_Tracker_final.o
lcd_puts_p                                        Day6_GPS_Tracker_final.o
lcd_string                                        Day6_GPS_Tracker_final.o
lcd_string_P                                      Day6_GPS_Tracker_final.o
ltoa                                              c:/winavr-20100110/bin/../lib/gcc/avr/4.3.3/../../../../avr/lib/avr5\libc.a(ltoa.o)
                                                  Day6_GPS_Tracker_final.o
main                                              Day6_GPS_Tracker_final.o
                                                  c:/winavr-20100110/bin/../lib/gcc/avr/4.3.3/../../../../avr/lib/avr5/crtm32.o
neterr                                            C:\WinAVR-20100110\avr\include\avr\libixabgprs.a(gprs.o)
read                                              C:\WinAVR-20100110\avr\include\avr\libefsio.a(efsio.o)
reset_timeout                                     C:\WinAVR-20100110\avr\include\avr\libxabpower_reset.a(watchdog.o)
                                                  Day6_GPS_Tracker_final.o
s_clearbuffer                                     Day6_GPS_Tracker_final.o
                                                  C:\WinAVR-20100110\avr\include\avr\libxabgsm.a(gsm.o)
                                                  C:\WinAVR-20100110\avr\include\avr\libixabgps.a(gps.o)
                                                  C:\WinAVR-20100110\avr\include\avr\libixabgprs.a(gprs.o)
s_readbuffer                                      Day6_GPS_Tracker_final.o
                                                  C:\WinAVR-20100110\avr\include\avr\libixabgps.a(gps.o)
serial_available                                  Day6_GPS_Tracker_final.o
                                                  C:\WinAVR-20100110\avr\include\avr\libxabgsm.a(gsm.o)
                                                  C:\WinAVR-20100110\avr\include\avr\libixabgps.a(gps.o)
                                                  C:\WinAVR-20100110\avr\include\avr\libixabgprs.a(gprs.o)
serial_char                                       Day6_GPS_Tracker_final.o
                                                  C:\WinAVR-20100110\avr\include\avr\libxabgsm.a(gsm.o)
serial_finit                                      Day6_GPS_Tracker_final.o
serial_init                                       Day6_GPS_Tracker_final.o
serial_nread                                      Day6_GPS_Tracker_final.o
serial_nreadw                                     Day6_GPS_Tracker_final.o
serial_num                                        Day6_GPS_Tracker_final.o
                                                  C:\WinAVR-20100110\avr\include\avr\libxabgsm.a(gsm.o)
serial_numl                                       Day6_GPS_Tracker_final.o
serial_read                                       Day6_GPS_Tracker_final.o
                                                  C:\WinAVR-20100110\avr\include\avr\libxabgsm.a(gsm.o)
                                                  C:\WinAVR-20100110\avr\include\avr\libixabgps.a(gps.o)
                                                  C:\WinAVR-20100110\avr\include\avr\libixabgprs.a(gprs.o)
serial_select                                     C:\WinAVR-20100110\avr\include\avr\libefsio.a(efsio.o)
                                                  Day6_GPS_Tracker_final.o
serial_string                                     Day6_GPS_Tracker_final.o
                                                  C:\WinAVR-20100110\avr\include\avr\libxabgsm.a(gsm.o)
                                                  C:\WinAVR-20100110\avr\include\avr\libixabgps.a(gps.o)
                                                  C:\WinAVR-20100110\avr\include\avr\libixabgprs.a(gprs.o)
serial_string_P                                   Day6_GPS_Tracker_final.o
                                                  C:\WinAVR-20100110\avr\include\avr\libxabgsm.a(gsm.o)
                                                  C:\WinAVR-20100110\avr\include\avr\libixabgps.a(gps.o)
                                                  C:\WinAVR-20100110\avr\include\avr\libixabgprs.a(gprs.o)
set_timeout                                       C:\WinAVR-20100110\avr\include\avr\libxabpower_reset.a(watchdog.o)
                                                  Day6_GPS_Tracker_final.o
sprintf                                           c:/winavr-20100110/bin/../lib/gcc/avr/4.3.3/../../../../avr/lib/avr5\libc.a(sprintf.o)
                                                  C:\WinAVR-20100110\avr\include\avr\libxabgsm.a(gsm.o)
                                                  Day6_GPS_Tracker_final.o
status_check                                      C:\WinAVR-20100110\avr\include\avr\libixabgprs.a(gprs.o)
stop_timeout                                      C:\WinAVR-20100110\avr\include\avr\libxabpower_reset.a(watchdog.o)
str_num                                           C:\WinAVR-20100110\avr\include\avr\libefsio.a(efsio.o)
strchr                                            c:/winavr-20100110/bin/../lib/gcc/avr/4.3.3/../../../../avr/lib/avr5\libc.a(strchr.o)
                                                  C:\WinAVR-20100110\avr\include\avr\libxabgsm.a(gsm.o)
                                                  C:\WinAVR-20100110\avr\include\avr\libixabgps.a(gps.o)
                                                  C:\WinAVR-20100110\avr\include\avr\libixabgprs.a(gprs.o)
                                                  C:\WinAVR-20100110\avr\include\avr\libefsio.a(efsio.o)
strcpy                                            c:/winavr-20100110/bin/../lib/gcc/avr/4.3.3/../../../../avr/lib/avr5\libc.a(strcpy.o)
                                                  C:\WinAVR-20100110\avr\include\avr\libxabgsm.a(gsm.o)
                                                  C:\WinAVR-20100110\avr\include\avr\libixabgps.a(gps.o)
                                                  C:\WinAVR-20100110\avr\include\avr\libixabgprs.a(gprs.o)
strncasecmp                                       c:/winavr-20100110/bin/../lib/gcc/avr/4.3.3/../../../../avr/lib/avr5\libc.a(strncasecmp.o)
                                                  C:\WinAVR-20100110\avr\include\avr\libefsio.a(efsio.o)
strncasecmp_P                                     c:/winavr-20100110/bin/../lib/gcc/avr/4.3.3/../../../../avr/lib/avr5\libc.a(strncasecmp_P.o)
                                                  C:\WinAVR-20100110\avr\include\avr\libxabgsm.a(gsm.o)
strncpy                                           c:/winavr-20100110/bin/../lib/gcc/avr/4.3.3/../../../../avr/lib/avr5\libc.a(strncpy.o)
                                                  C:\WinAVR-20100110\avr\include\avr\libxabgsm.a(gsm.o)
                                                  C:\WinAVR-20100110\avr\include\avr\libixabgps.a(gps.o)
                                                  C:\WinAVR-20100110\avr\include\avr\libefsio.a(efsio.o)
strnlen                                           c:/winavr-20100110/bin/../lib/gcc/avr/4.3.3/../../../../avr/lib/avr5\libc.a(strnlen.o)
                                                  c:/winavr-20100110/bin/../lib/gcc/avr/4.3.3/../../../../avr/lib/avr5\libc.a(vfprintf_std.o)
strnlen_P                                         c:/winavr-20100110/bin/../lib/gcc/avr/4.3.3/../../../../avr/lib/avr5\libc.a(strnlen_P.o)
                                                  c:/winavr-20100110/bin/../lib/gcc/avr/4.3.3/../../../../avr/lib/avr5\libc.a(vfprintf_std.o)
strrchr                                           c:/winavr-20100110/bin/../lib/gcc/avr/4.3.3/../../../../avr/lib/avr5\libc.a(strrchr.o)
                                                  C:\WinAVR-20100110\avr\include\avr\libixabgps.a(gps.o)
                                                  C:\WinAVR-20100110\avr\include\avr\libixabgprs.a(gprs.o)
strrev                                            c:/winavr-20100110/bin/../lib/gcc/avr/4.3.3/../../../../avr/lib/avr5\libc.a(strrev.o)
                                                  c:/winavr-20100110/bin/../lib/gcc/avr/4.3.3/../../../../avr/lib/avr5\libc.a(ltoa.o)
                                                  c:/winavr-20100110/bin/../lib/gcc/avr/4.3.3/../../../../avr/lib/avr5\libc.a(itoa.o)
strstr                                            c:/winavr-20100110/bin/../lib/gcc/avr/4.3.3/../../../../avr/lib/avr5\libc.a(strstr.o)
                                                  C:\WinAVR-20100110\avr\include\avr\libefsio.a(efsio.o)
strstr_P                                          c:/winavr-20100110/bin/../lib/gcc/avr/4.3.3/../../../../avr/lib/avr5\libc.a(strstr_P.o)
                                                  C:\WinAVR-20100110\avr\include\avr\libxabgsm.a(gsm.o)
                                                  C:\WinAVR-20100110\avr\include\avr\libixabgprs.a(gprs.o)
temp                                              C:\WinAVR-20100110\avr\include\avr\libixabgps.a(gps.o)
timer_start                                       C:\WinAVR-20100110\avr\include\avr\libxabpower_reset.a(watchdog.o)
urclear                                           Day6_GPS_Tracker_final.o
                                                  C:\WinAVR-20100110\avr\include\avr\libxabgsm.a(gsm.o)
vfprintf                                          c:/winavr-20100110/bin/../lib/gcc/avr/4.3.3/../../../../avr/lib/avr5\libc.a(vfprintf_std.o)
                                                  c:/winavr-20100110/bin/../lib/gcc/avr/4.3.3/../../../../avr/lib/avr5\libc.a(sprintf.o)
vxp                                               C:\WinAVR-20100110\avr\include\avr\libxabpower_reset.a(watchdog.o)
write                                             C:\WinAVR-20100110\avr\include\avr\libefsio.a(efsio.o)
                                                  Day6_GPS_Tracker_final.o
